illegal operation
Action: hGetChar
Handle: {loc=stdin,type=semi-closed,buffering=block (8192)}

Reason: handle is closed
illegal operation
Action: hGetChar
Handle: {loc=stdin,type=semi-closed,buffering=block (8192)}

Reason: handle is closed
