ds004.hs:6: 
    Warning: Possibly incomplete patterns
	in the definition of function `nodups'
