
ds041.hs:15:
    Warning: Field `x' is not initialised
	     In the record construction: Foo {}
	     In the right-hand side of an equation for `foo': Foo {}
