 
"tcfail019.hs", line 20: No such instance:
    class "B", type "[a]" (at an instance declaration)
Fail: Compilation errors found

ghc: execution of the Haskell compiler had trouble
