
rnfail020.hs:12:
    All of the type variable(s) in the constraint `Eq a' are already in scope
	At least one must be universally quantified here
    In the type signature for `unionSets'

Compilation had errors

