 
rnfail002.hs:4:
    Conflicting definitions for: `y'
	Defined at rnfail002.hs:6
	Defined at rnfail002.hs:5


Compilation had errors
