
rnfail021.hs:5:
    Invalid use of qualified name `Baz.f' in the binding for `Baz.f'

Compilation had errors

