 
rnfail009.hs:1:
    Multiple declarations of `A'
	defined at rnfail009.hs:3
	defined at rnfail009.hs:5


Compilation had errors

