
SimpleFail16.hs:10:12:
    Couldn't match expected type ‘F ()’ with actual type ‘p0 a0’
    The type variables ‘p0’, ‘a0’ are ambiguous
    Relevant bindings include
      bar :: p0 a0 (bound at SimpleFail16.hs:10:1)
    In the first argument of ‘foo’, namely ‘(undefined :: F ())’
    In the expression: foo (undefined :: F ())
