
mod70.hs:3:8: error: Tilde in expression context
