 
tcfail034.hs:17:
    Could not deduce `PrelNum.Integral a'
	(arising from use of `PrelNum.mod' at tcfail034.hs:17)
	from the context: (PrelBase.Num a, PrelBase.Eq a)
    Probable cause: missing `PrelNum.Integral a'
		    in type signature for `test'
    When checking the type signature(s) for `test'


Compilation had errors

