
tcfail086.hs:4:
    Can't derive any instances for type `Ex'
    because it has existentially-quantified constructor(s)

Compilation had errors

