
T10615.hs:4:7: error:
    Found type wildcard ‘_’ standing for ‘a’
    Where: ‘a’ is a rigid type variable bound by
             the inferred type of f1 :: a -> f at T10615.hs:5:1
    To use the inferred type, enable PartialTypeSignatures
    Relevant bindings include f1 :: a -> f (bound at T10615.hs:5:1)
    In the type signature:
      f1 :: _ -> f

T10615.hs:5:6: error:
    Couldn't match type ‘f’ with ‘b -> a’
    ‘f’ is a rigid type variable bound by
      the inferred type of f1 :: a -> f at T10615.hs:4:7
    Expected type: a -> f
      Actual type: a -> b -> a
    Relevant bindings include f1 :: a -> f (bound at T10615.hs:5:1)
    In the expression: const
    In an equation for ‘f1’: f1 = const

T10615.hs:7:7: error:
    Found type wildcard ‘_’ standing for ‘a’
    Where: ‘a’ is a rigid type variable bound by
             the inferred type of f2 :: a -> _f at T10615.hs:8:1
    To use the inferred type, enable PartialTypeSignatures
    Relevant bindings include f2 :: a -> _f (bound at T10615.hs:8:1)
    In the type signature:
      f2 :: _ -> _f

T10615.hs:8:6: error:
    Couldn't match type ‘_f’ with ‘b -> a’
    ‘_f’ is a rigid type variable bound by
      the inferred type of f2 :: a -> _f at T10615.hs:7:7
    Expected type: a -> _f
      Actual type: a -> b -> a
    Relevant bindings include f2 :: a -> _f (bound at T10615.hs:8:1)
    In the expression: const
    In an equation for ‘f2’: f2 = const
