Renamer stats: 6 interfaces read
	       4 class decls imported, out of 17 read
	       0 data decls imported (of which 0 abstractly), out of 14 read
	       1 newtype decls imported (of which 1 abstractly), out of 1 read
	       1 type synonym decls imported, out of 6 read
	       39 value signatures imported, out of 1200 read
	       27 instance decls imported, out of 130 read
 
rn001.hs:4:
    Conflicting exports for local name:  y
	module Main
	module Main


Compilation had errors
