ghc: module version changed to 1; reason: no old .hi file
_interface_ ShouldSucceed 1 302
_instance_modules_
IO PrelAddr PrelArr PrelBounded PrelCCall PrelForeign PrelNum
_usages_
PrelBase 1 :: $dEq0 1 $dEq1 1 $dEqBool0 1 $dEqChar0 1 $dEqInt0 1 $dEval0 1 $dEval1 1 $dEval2 1 $dEvalBool0 1 $dEvalChar0 1 $dEvalDouble0 1 $dEvalInt0 1 $dEvalInteger0 1 $dNumInt0 1 $dShow0 1 $dShow1 1 $dShow2 1 $dShowBool0 1 $dShowChar0 1 $dShowInt0 1 $m- 1 $m/= 1 $mfromInt 1 $mshowList 1 Eq 1 Eval 1 Num 1 Show 1 String 1;
PrelNum 1 :: $dEqDouble0 1 $dEqInteger0 1 $dNumDouble0 1 $dNumInteger0 1 $dShowDouble0 1 $dShowInteger0 1;
_exports_
ShouldSucceed g AList(ANull ANode) IntList;
_instances_
instance _forall_ [a] => {PrelBase.Eval (AList a)} = $dEvalAList0;
_declarations_
1 $dEvalAList0 _:_ _forall_ [a] => {PrelBase.Eval (AList a)} ;;
1 data AList a = ANull |  ANode a (AList a) ;
1 g _:_ _forall_ [a] {PrelBase.Num a} => AList PrelBase.Bool -> a ;;
1 type IntList = AList PrelBase.Int ;
