ghc: module version changed to 1; reason: no old .hi file
__export ShouldSucceed f Pair{MkPair};
1 data Pair a b = MkPair a b ;
1 f :: __forall [a b] => [Pair a b] -> [b] ;
