[(343023920121, "")]
[(3430239, "")]
[(0, "")]
[(1097986, "")]
[(-111, "")]
[(232189458241, "")]
